platforms: [
    .ios("13.0"),
    .macos("10.15"),
    .tvos("13.0"),
    .watchos("6.0")
]