.product(name: "Parser", package: "Parser"),
.product(name: "Gala", package: "Gala")